------------------------------------------------------------
Timing Analyzer Summary
------------------------------------------------------------

Type  : Slow 1200mV 85C Model Setup 'Clock_Divider:c1|clk_1ms'
Slack : -6.917
TNS   : -221.118

Type  : Slow 1200mV 85C Model Setup 'clk'
Slack : -5.266
TNS   : -117.528

Type  : Slow 1200mV 85C Model Hold 'Clock_Divider:c1|clk_1ms'
Slack : 0.341
TNS   : 0.000

Type  : Slow 1200mV 85C Model Hold 'clk'
Slack : 0.632
TNS   : 0.000

Type  : Slow 1200mV 85C Model Minimum Pulse Width 'clk'
Slack : -3.000
TNS   : -81.568

Type  : Slow 1200mV 85C Model Minimum Pulse Width 'Clock_Divider:c1|clk_1ms'
Slack : -1.403
TNS   : -70.150

Type  : Slow 1200mV 0C Model Setup 'Clock_Divider:c1|clk_1ms'
Slack : -6.229
TNS   : -197.957

Type  : Slow 1200mV 0C Model Setup 'clk'
Slack : -4.707
TNS   : -102.408

Type  : Slow 1200mV 0C Model Hold 'Clock_Divider:c1|clk_1ms'
Slack : 0.305
TNS   : 0.000

Type  : Slow 1200mV 0C Model Hold 'clk'
Slack : 0.584
TNS   : 0.000

Type  : Slow 1200mV 0C Model Minimum Pulse Width 'clk'
Slack : -3.000
TNS   : -81.568

Type  : Slow 1200mV 0C Model Minimum Pulse Width 'Clock_Divider:c1|clk_1ms'
Slack : -1.403
TNS   : -70.150

Type  : Fast 1200mV 0C Model Setup 'Clock_Divider:c1|clk_1ms'
Slack : -2.191
TNS   : -62.537

Type  : Fast 1200mV 0C Model Setup 'clk'
Slack : -1.545
TNS   : -19.160

Type  : Fast 1200mV 0C Model Hold 'Clock_Divider:c1|clk_1ms'
Slack : 0.147
TNS   : 0.000

Type  : Fast 1200mV 0C Model Hold 'clk'
Slack : 0.245
TNS   : 0.000

Type  : Fast 1200mV 0C Model Minimum Pulse Width 'clk'
Slack : -3.000
TNS   : -61.006

Type  : Fast 1200mV 0C Model Minimum Pulse Width 'Clock_Divider:c1|clk_1ms'
Slack : -1.000
TNS   : -50.000

------------------------------------------------------------
